// Jest Snapshot v1, https://goo.gl/fbAQLP

exports[`renders correctly 1`] = `
.emotion-0 {
  display: -webkit-inline-box;
  display: -webkit-inline-flex;
  display: -ms-inline-flexbox;
  display: inline-flex;
  -webkit-box-pack: center;
  -webkit-justify-content: center;
  -ms-flex-pack: center;
  justify-content: center;
  font-size: var(--font-size-body);
  font-weight: var(--font-weight-bold);
  min-width: calc(calc(var(--font-size-body) + 0.5rem) - 2 * calc(var(--font-size-body) / 5 + 0.21rem));
  border-radius: 5px;
  cursor: auto;
  height: calc(var(--font-size-body) + 0.5rem);
  line-height: calc(var(--font-size-body) + 0.5rem);
  margin-right: var(--space-inset);
  padding-left: calc(var(--font-size-body) / 5 + 0.21rem);
  padding-right: calc(var(--font-size-body) / 5 + 0.21rem);
  outline: none;
}

.emotion-0:focus {
  box-shadow: 0 0 0 2px var(--border-focus),var(--shadow);
}

<div
  className="emotion-0"
  display="inline-flex"
  onClick={[Function]}
>
  Test
</div>
`;
